R version 4.3.0 (2023-04-21 ucrt) -- "Already Tomorrow"
Copyright (C) 2023 The R Foundation for Statistical Computing
Platform: x86_64-w64-mingw32/x64 (64-bit)

R is free software and comes with ABSOLUTELY NO WARRANTY.
You are welcome to redistribute it under certain conditions.
Type 'license()' or 'licence()' for distribution details.

R is a collaborative project with many contributors.
Type 'contributors()' for more information and
'citation()' on how to cite R or R packages in publications.

Type 'demo()' for some demos, 'help()' for on-line help, or
'help.start()' for an HTML browser interface to help.
Type 'q()' to quit R.

> install.packages("tm")
Instalowanie pakietu w ‘C:/Users/iamsz/AppData/Local/R/win-library/4.3’
(ponieważ ‘lib’ nie jest określony)
instalowanie dodatkowych zależności ‘NLP’, ‘slam’, ‘BH’

trying URL 'https://cran.rstudio.com/bin/windows/contrib/4.3/NLP_0.2-1.zip'
Content type 'application/zip' length 389329 bytes (380 KB)
downloaded 380 KB

trying URL 'https://cran.rstudio.com/bin/windows/contrib/4.3/slam_0.1-50.zip'
Content type 'application/zip' length 189356 bytes (184 KB)
downloaded 184 KB

trying URL 'https://cran.rstudio.com/bin/windows/contrib/4.3/BH_1.81.0-1.zip'
Content type 'application/zip' length 21361505 bytes (20.4 MB)
downloaded 20.4 MB

trying URL 'https://cran.rstudio.com/bin/windows/contrib/4.3/tm_0.7-11.zip'
Content type 'application/zip' length 995737 bytes (972 KB)
downloaded 972 KB

pakiet ‘NLP’ został pomyślnie rozpakowany oraz sumy MD5 zostały sprawdzone
pakiet ‘slam’ został pomyślnie rozpakowany oraz sumy MD5 zostały sprawdzone
pakiet ‘BH’ został pomyślnie rozpakowany oraz sumy MD5 zostały sprawdzone
pakiet ‘tm’ został pomyślnie rozpakowany oraz sumy MD5 zostały sprawdzone

Pobrane pakiety binarne są w
	C:\Users\iamsz\AppData\Local\Temp\Rtmp2v48HI\downloaded_packages
> install.packages("SnowballC")
Instalowanie pakietu w ‘C:/Users/iamsz/AppData/Local/R/win-library/4.3’
(ponieważ ‘lib’ nie jest określony)
trying URL 'https://cran.rstudio.com/bin/windows/contrib/4.3/SnowballC_0.7.1.zip'
Content type 'application/zip' length 364350 bytes (355 KB)
downloaded 355 KB

pakiet ‘SnowballC’ został pomyślnie rozpakowany oraz sumy MD5 zostały sprawdzone

Pobrane pakiety binarne są w
	C:\Users\iamsz\AppData\Local\Temp\Rtmp2v48HI\downloaded_packages
> install.packages("wordcloud")
Instalowanie pakietu w ‘C:/Users/iamsz/AppData/Local/R/win-library/4.3’
(ponieważ ‘lib’ nie jest określony)
trying URL 'https://cran.rstudio.com/bin/windows/contrib/4.3/wordcloud_2.6.zip'
Content type 'application/zip' length 446220 bytes (435 KB)
downloaded 435 KB

pakiet ‘wordcloud’ został pomyślnie rozpakowany oraz sumy MD5 zostały sprawdzone

Pobrane pakiety binarne są w
	C:\Users\iamsz\AppData\Local\Temp\Rtmp2v48HI\downloaded_packages
> install.packages("RColorBrewer")
Instalowanie pakietu w ‘C:/Users/iamsz/AppData/Local/R/win-library/4.3’
(ponieważ ‘lib’ nie jest określony)
trying URL 'https://cran.rstudio.com/bin/windows/contrib/4.3/RColorBrewer_1.1-3.zip'
Content type 'application/zip' length 55876 bytes (54 KB)
downloaded 54 KB

pakiet ‘RColorBrewer’ został pomyślnie rozpakowany oraz sumy MD5 zostały sprawdzone

Pobrane pakiety binarne są w
	C:\Users\iamsz\AppData\Local\Temp\Rtmp2v48HI\downloaded_packages
> install.packages("syuzhet")
Instalowanie pakietu w ‘C:/Users/iamsz/AppData/Local/R/win-library/4.3’
(ponieważ ‘lib’ nie jest określony)
instalowanie dodatkowych zależności ‘textshape’, ‘dtt’

trying URL 'https://cran.rstudio.com/bin/windows/contrib/4.3/textshape_1.7.3.zip'
Content type 'application/zip' length 533541 bytes (521 KB)
downloaded 521 KB

trying URL 'https://cran.rstudio.com/bin/windows/contrib/4.3/dtt_0.1-2.zip'
Content type 'application/zip' length 21692 bytes (21 KB)
downloaded 21 KB

trying URL 'https://cran.rstudio.com/bin/windows/contrib/4.3/syuzhet_1.0.6.zip'
Content type 'application/zip' length 3107710 bytes (3.0 MB)
downloaded 3.0 MB

pakiet ‘textshape’ został pomyślnie rozpakowany oraz sumy MD5 zostały sprawdzone
pakiet ‘dtt’ został pomyślnie rozpakowany oraz sumy MD5 zostały sprawdzone
pakiet ‘syuzhet’ został pomyślnie rozpakowany oraz sumy MD5 zostały sprawdzone

Pobrane pakiety binarne są w
	C:\Users\iamsz\AppData\Local\Temp\Rtmp2v48HI\downloaded_packages
> install.packages("ggplot2")
Instalowanie pakietu w ‘C:/Users/iamsz/AppData/Local/R/win-library/4.3’
(ponieważ ‘lib’ nie jest określony)
trying URL 'https://cran.rstudio.com/bin/windows/contrib/4.3/ggplot2_3.4.2.zip'
Content type 'application/zip' length 4291816 bytes (4.1 MB)
downloaded 4.1 MB

pakiet ‘ggplot2’ został pomyślnie rozpakowany oraz sumy MD5 zostały sprawdzone

Pobrane pakiety binarne są w
	C:\Users\iamsz\AppData\Local\Temp\Rtmp2v48HI\downloaded_packages
> library("tm")
Ładowanie wymaganego pakietu: NLP
> library("SnowballC")
> library("wordcloud")
Ładowanie wymaganego pakietu: RColorBrewer
> library("RColorBrewer")
> library("syuzhet")
> library("ggplot2")

Dołączanie pakietu: ‘ggplot2’

Następujący obiekt został zakryty z ‘package:NLP’:

    annotate

> 
> #read text
> text <- readLines("Europa.txt", warn=FALSE)
Error in file(con, "r") : cannot open the connection
In addition: Warning message:
In file(con, "r") :
  cannot open file 'Europa.txt': No such file or directory
> setwd("D:/MGR/APU/lab7")
> text <- readLines("Europa.txt", warn=FALSE)
> #convert text to object
> TextDoc <- Corpus(VectorSource(text))
> #### clean text ####
> #remove special characters
> toSpace <- content_transformer(function(x, pattern) gsub(pattern, " ", x)) # Funkcja zamiany znaku
> TextDoc <- tm_map(TextDoc, toSpace, "/")
Warning message:
In tm_map.SimpleCorpus(TextDoc, toSpace, "/") :
  transformation drops documents
> TextDoc <- tm_map(TextDoc, toSpace, "@")
Warning message:
In tm_map.SimpleCorpus(TextDoc, toSpace, "@") :
  transformation drops documents
> TextDoc <- tm_map(TextDoc, toSpace, "\\|")
Warning message:
In tm_map.SimpleCorpus(TextDoc, toSpace, "\\|") :
  transformation drops documents
> TextDoc <- tm_map(TextDoc, toSpace, ":")
Warning message:
In tm_map.SimpleCorpus(TextDoc, toSpace, ":") :
  transformation drops documents
> TextDoc <- tm_map(TextDoc, toSpace, ";")
Warning message:
In tm_map.SimpleCorpus(TextDoc, toSpace, ";") :
  transformation drops documents
> TextDoc <- tm_map(TextDoc, toSpace, ",")
Warning message:
In tm_map.SimpleCorpus(TextDoc, toSpace, ",") :
  transformation drops documents
> TextDoc <- tm_map(TextDoc, toSpace, "/")
Warning message:
In tm_map.SimpleCorpus(TextDoc, toSpace, "/") :
  transformation drops documents
> #remove numbers
> TextDoc <- tm_map(TextDoc, removeNumbers)
Warning message:
In tm_map.SimpleCorpus(TextDoc, removeNumbers) :
  transformation drops documents
> #remove stop characters
> TextDoc <- tm_map(TextDoc, removeWords, stopwords("english"))
Warning message:
In tm_map.SimpleCorpus(TextDoc, removeWords, stopwords("english")) :
  transformation drops documents
> #remove proprietary characters
> TextDoc <- tm_map(TextDoc, removeWords, c("[", "]"))
Error in gsub(sprintf("(*UCP)\\b(%s)\\b", paste(sort(words, decreasing = TRUE),  : 
  invalid regular expression '(*UCP)\b(]|[)\b'
In addition: Warning message:
In gsub(sprintf("(*UCP)\\b(%s)\\b", paste(sort(words, decreasing = TRUE),  :
  PCRE pattern compilation error
	'missing terminating ] for character class'
	at ''
> #### clean text ####
> #remove special characters
> toSpace <- content_transformer(function(x, pattern) gsub(pattern, " ", x)) # Funkcja zamiany znaku
> TextDoc <- tm_map(TextDoc, toSpace, "/")
Warning message:
In tm_map.SimpleCorpus(TextDoc, toSpace, "/") :
  transformation drops documents
> TextDoc <- tm_map(TextDoc, toSpace, "@")
Warning message:
In tm_map.SimpleCorpus(TextDoc, toSpace, "@") :
  transformation drops documents
> TextDoc <- tm_map(TextDoc, toSpace, "\\|")
Warning message:
In tm_map.SimpleCorpus(TextDoc, toSpace, "\\|") :
  transformation drops documents
> TextDoc <- tm_map(TextDoc, toSpace, ":")
Warning message:
In tm_map.SimpleCorpus(TextDoc, toSpace, ":") :
  transformation drops documents
> TextDoc <- tm_map(TextDoc, toSpace, ";")
Warning message:
In tm_map.SimpleCorpus(TextDoc, toSpace, ";") :
  transformation drops documents
> TextDoc <- tm_map(TextDoc, toSpace, ",")
Warning message:
In tm_map.SimpleCorpus(TextDoc, toSpace, ",") :
  transformation drops documents
> TextDoc <- tm_map(TextDoc, toSpace, "/")
Warning message:
In tm_map.SimpleCorpus(TextDoc, toSpace, "/") :
  transformation drops documents
> #remove numbers
> TextDoc <- tm_map(TextDoc, removeNumbers)
Warning message:
In tm_map.SimpleCorpus(TextDoc, removeNumbers) :
  transformation drops documents
> #remove stop characters
> TextDoc <- tm_map(TextDoc, removeWords, stopwords("english"))
Warning message:
In tm_map.SimpleCorpus(TextDoc, removeWords, stopwords("english")) :
  transformation drops documents
> #remove proprietary characters
> TextDoc <- tm_map(TextDoc, removeWords, c("[", "]"))
Error in gsub(sprintf("(*UCP)\\b(%s)\\b", paste(sort(words, decreasing = TRUE),  : 
  invalid regular expression '(*UCP)\b(]|[)\b'
In addition: Warning message:
In gsub(sprintf("(*UCP)\\b(%s)\\b", paste(sort(words, decreasing = TRUE),  :
  PCRE pattern compilation error
	'missing terminating ] for character class'
	at ''
> TextDoc <- tm_map(TextDoc, removeWords, c("\\[", "\\]"))
Warning message:
In tm_map.SimpleCorpus(TextDoc, removeWords, c("\\[", "\\]")) :
  transformation drops documents
> 
> #remove punctuation
> TextDoc <- tm_map(TextDoc, removePunctuation)
Warning message:
In tm_map.SimpleCorpus(TextDoc, removePunctuation) :
  transformation drops documents
> #remove whitespaces
> TextDoc <- tm_map(TextDoc, stripWhitespace)
Warning message:
In tm_map.SimpleCorpus(TextDoc, stripWhitespace) :
  transformation drops documents
> #change to basic form
> TextDoc <- tm_map(TextDoc, stemDocument)
Warning message:
In tm_map.SimpleCorpus(TextDoc, stemDocument) :
  transformation drops documents
> #to lower
> TextDoc <- tm_map(TextDoc, content_transformer(tolower))
Warning message:
In tm_map.SimpleCorpus(TextDoc, content_transformer(tolower)) :
  transformation drops documents
> #### build text matrix ####
> #build matrix
> TextDoc_dtm <- TermDocumentMatrix(TextDoc)
> dtm_m <- as.matrix(TextDoc_dtm)
> #sort descending based on how often word appears
> dtm_v <- sort(rowSums(dtm_m), decreasing = TRUE)
> dtm_d <- data.frame(word = names(dtm_v), freq = dtm_v)
> #show 5 most often appearing
> head(dtm_d, 5)
             word freq
europ       europ  322
the           the  164
european european  115
popul       popul   75
state       state   70
> #### plot of most frequent words ####
> barplot(
+     dtm_d[1:20, ]$freq,
+     las = 2,
+     names.arg = dtm_d[1:20, ]$word,
+     col = "lightgreen",
+     main = "Top 20 most frequent words",
+     ylab = "Word frequency"
+ )
> ##### generate word cloud #####
> set.seed(1234)
> wordcloud(
+     words = dtm_d$word,
+     freq = dtm_d$freq,
+     scale = c(5, 0.5),
+     min.freq = 1,
+     max.words = 100,
+     random.order = FALSE,
+     rot.per = 0.40,
+     colors = brewer.pal(8, "Dark2")
+ )
> ##### Kojarzenia slow #####
> #find association for these words
> findAssocs(
+     TextDoc_dtm, 
+     terms = c("learn", "machine", "algorithm", "train"),
+     corlimit = 0.5
+ )
$learn
numeric(0)

$machine
numeric(0)

$algorithm
numeric(0)

$train
numeric(0)

> ##### Kojarzenia slow #####
> #find association for these words
> findAssocs(
+     TextDoc_dtm, 
+     terms = c("learn", "machine", "algorithm", "train"),
+     corlimit = 0.5
+ )
$learn
numeric(0)

$machine
numeric(0)

$algorithm
numeric(0)

$train
numeric(0)

> #find asoociation for words that appear at least 20 times
> findAssocs(
+     TextDoc_dtm, 
+     terms = findFreqTerms(TextDoc_dtm, lowfreq = 20),
+     corlimit = 0.5
+ )
$asia
  africa frontier 
    0.66     0.55 

$consid
      assign       belong       exclus      nearest nevertheless         base 
        0.61         0.61         0.61         0.61         0.61         0.53 
  sociopolit 
        0.53 

$contin
numeric(0)

$east
      rus     becom    absorb       arm bulgarian  creation      kiev    kievan 
     0.62      0.59      0.59      0.59      0.59      0.59      0.59      0.59 
svatopluk  vladimir     adopt     emerg 
     0.59      0.59      0.56      0.51 

$eastern
numeric(0)

$europ
numeric(0)

$mountain
        rang         alps   carpathian         ural        plain       barent 
        0.80         0.66         0.66         0.64         0.61         0.58 
     delimit    dichotomi         halv         roll      shallow      submerg 
        0.58         0.58         0.58         0.58         0.58         0.58 
    underwat      varieti        point     highland     waterway      partial 
        0.58         0.58         0.57         0.57         0.54         0.53 
scandinavian 
        0.53 

$north
numeric(0)

$northern
numeric(0)

$river
           irtysh            herman        partlyjoin           unknown 
             0.71              0.64              0.64              0.64 
           strait               don              moll           convent 
             0.59              0.59              0.58              0.56 
             seri             adher            aegean           africa— 
             0.53              0.52              0.52              0.52 
           apollo              book boundaries—though            delian 
             0.52              0.52              0.52              0.52 
        hecataeus            hercul              hymn            jubile 
             0.52              0.52              0.52              0.52 
            libya              nile       parts—europ             phasi 
             0.52              0.52              0.52              0.52 
           pillar             rioni             shore              away 
             0.52              0.52              0.52              0.52 
           demarc            easier           legitim             never 
             0.52              0.52              0.52              0.52 
             read 
             0.52 

$sea
black 
  0.6 

$south
    rus ossetia 
   0.54    0.50 

$west
numeric(0)

$area
cover 
 0.51 

$european
         unifi           bank           coal            eec          escal 
          0.62           0.57           0.57           0.57           0.57 
       euratom       fullscal   humanitarian         launch     membership 
          0.57           0.57           0.57           0.57           0.57 
          ongo     referendum russoukrainian            sir            six 
          0.57           0.57           0.57           0.57           0.57 
        speech          steel        steepli       withdrew         commun 
          0.57           0.57           0.57           0.57           0.55 
          goal        currenc           euro 
          0.54           0.53           0.53 

$larg
numeric(0)

$largest
numeric(0)

$million
     final      total    postwar    displac  holocaust   casualti       dday        die 
      0.64       0.55       0.54       0.54       0.54       0.51       0.51       0.51 
    expuls   fallback      front      kursk       lost    stagger stalingrad       tank 
      0.51       0.51       0.51       0.51       0.51       0.51       0.51       0.51 

$polit
numeric(0)

$popul
birth 
  0.5 

$russia
numeric(0)

$state
      rus     adopt     becom    absorb       arm bulgarian  creation      kiev 
     0.65      0.57      0.53      0.50      0.50      0.50      0.50      0.50 
   kievan svatopluk  vladimir 
     0.50      0.50      0.50 

$the
numeric(0)

$world
numeric(0)

$ages
numeric(0)

$around
      actual    afterward      arctica      billion        block     columbia 
        0.80         0.80         0.80         0.80         0.80         0.80 
      craton     determin   euramerica     gondwana   interchang     laurasia 
        0.80         0.80         0.80         0.80         0.80         0.80 
   laurentia       pangea      resplit      rodinia    sarmatian       shield 
        0.80         0.80         0.80         0.80         0.80         0.80 
 supercontin     tertiari          via volgo–uralia        widen            ≈ 
        0.80         0.80         0.80         0.80         0.80         0.80 
         ago      baltica        final         lead        trace        shape 
        0.78         0.75         0.69         0.65         0.65         0.65 
      format         date        split         back         join        apart 
        0.65         0.61         0.60         0.59         0.56         0.56 
fennoscandia      persist 
        0.56         0.56 

$centuri
   eventu modernday       rus 
     0.56      0.51      0.51 

$cultur
         latin        transit         alcuin          appli    christianis 
          0.64           0.60           0.51           0.51           0.51 
christianlatin        coalesc    condominium      confluenc         connot 
          0.51           0.51           0.51           0.51           0.51 
         creat        discuss         legaci         letter      oftendubi 
          0.51           0.51           0.51           0.51           0.51 
         posit        signifi           such           user          minim 
          0.51           0.51           0.51           0.51           0.51 
    strasbourg 
          0.51 

$empire
byzantin  emperor  ottoman 
    0.57     0.53     0.51 

$end
numeric(0)

$greec
     civilis   achaemenid     archimed     aristotl     attribut        check 
        0.74         0.69         0.69         0.69         0.69         0.69 
      cityst    cleisthen     democrat        drama       dramat         epic 
        0.69         0.69         0.69         0.69         0.69         0.69 
      euclid      euripid    fundament        galen grecopersian      hippocr 
        0.69         0.69         0.69         0.69         0.69         0.69 
    idealist     institut      medicin       narrat    philosoph        pivot 
        0.69         0.69         0.69         0.69         0.69         0.69 
       plato         poem         poli    pythagora       ration  rationalist 
        0.69         0.69         0.69         0.69         0.69         0.69 
    rediscov        semin       socrat      sophocl     thucydid        ultim 
        0.69         0.69         0.69         0.69         0.69         0.69 
        vers        athen        greek      ancient 
        0.69         0.63         0.57         0.52 

$histori
numeric(0)

$itali
italia 
  0.58 

$major
numeric(0)

$middl
numeric(0)

$modern
numeric(0)

$period
ice 
0.5 

$power
    aristocraci austrohungarian          balanc        bonapart         conserv 
           0.73            0.73            0.73            0.73            0.73 
         conven         discont        dissemin         downfal       encompass 
           0.73            0.73            0.73            0.73            0.73 
          initi      intellectu           liber        monopoli        nationst 
           0.73            0.73            0.73            0.73            0.73 
         promot         prussia             put       reasonbas           reign 
           0.73            0.73            0.73            0.73            0.73 
         terror            unif           upris        waterloo          result 
           0.73            0.73            0.73            0.73            0.70 
         french        napoleon       aftermath            rose             saw 
           0.69            0.69            0.62            0.62            0.60 
      establish         princip         smaller         element      widespread 
           0.59            0.56            0.55            0.51            0.51 
          ideal          clergi            educ            grew       administr 
           0.51            0.51            0.51            0.51            0.51 
         perish           these        congress 
           0.51            0.50            0.50 

$roman
 emperor byzantin   church     holi    empir 
    0.72     0.60     0.56     0.54     0.50 

$western
numeric(0)

$econom
assistanc  comeback     doubl    franco    miracl  modernis    mutual    prewar 
     0.53      0.53      0.53      0.53      0.53      0.53      0.53      0.53 
    quick    regain      ruin     stage 
     0.53      0.53      0.53      0.53 

$first
adopt 
 0.55 

$great
britain    caus 
   0.57    0.51 

$revolut
      enlighten          french        napoleon     aristocraci austrohungarian 
           0.82            0.80            0.77            0.71            0.71 
         balanc        bonapart         conserv          conven         discont 
           0.71            0.71            0.71            0.71            0.71 
       dissemin         downfal       encompass           initi      intellectu 
           0.71            0.71            0.71            0.71            0.71 
          liber        monopoli        nationst          promot         prussia 
           0.71            0.71            0.71            0.71            0.71 
            put       reasonbas           reign          terror            unif 
           0.71            0.71            0.71            0.71            0.71 
          upris        waterloo          result             saw             law 
           0.71            0.71            0.62            0.58            0.57 
        smaller      industrial 
           0.53            0.51 

$soviet
           postwar              broke            confisc             deport 
              0.57               0.53               0.53               0.53 
            excess             execut               exil           governor 
              0.53               0.53               0.53               0.53 
             grain              gulag              harsh              heavi 
              0.53               0.53               0.53               0.53 
             impos              kulak               nkvd              plung 
              0.53               0.53               0.53               0.53 
              purg           sanction               sent              threw 
              0.53               0.53               0.53               0.53 
           tsarist               upon           versaill               armi 
              0.53               0.53               0.53               0.53 
            danzig            encircl               hope molotov–ribbentrop 
              0.53               0.53               0.53               0.53 
             mount             narvik             object             phoney 
              0.53               0.53               0.53               0.53 
            prompt            resourc               send            septemb 
              0.53               0.53               0.53               0.53 
           tension             theatr           thereaft              troop 
              0.53               0.53               0.53               0.53 

$union
numeric(0)

$unite
numeric(0)

$war
civilian  postwar 
    0.51     0.51 

$countri
numeric(0)

$two
  autonomi     canari     counti     devolv heligoland     matter        not    oversea 
      0.57       0.57       0.57       0.57       0.57       0.57       0.57       0.57 
    reason selfgovern        tax      uniqu     proper    autonom 
      0.57       0.57       0.57       0.57       0.53       0.53 

$map
numeric(0)

$territori
proper 
  0.58 

$languag
         spoken           adjac        albanian        ancestor        armenian 
           0.94            0.80            0.80            0.80            0.80 
         breton         cornish          gaelic         latvian      lithuanian 
           0.80            0.80            0.80            0.80            0.80 
           manx           welsh    indoeuropean           group        southern 
           0.80            0.80            0.71            0.68            0.56 
          irish         indigen          romanc           adygh     azerbaijani 
           0.56            0.56            0.56            0.51            0.51 
        bashkir       caucasian         chechen         chuvash           erzya 
           0.51            0.51            0.51            0.51            0.51 
       estonian         finnish          gagauz       hungarian  karachaybalkar 
           0.51            0.51            0.51            0.51            0.51 
     kartvelian            komi           kumyk          lezgin          maltes 
           0.51            0.51            0.51            0.51            0.51 
           mari      mingrelian          moksha nonindoeuropean            svan 
           0.51            0.51            0.51            0.51            0.51 
         udmurt          uralic 
           0.51            0.51 

$also
numeric(0)

$boundari
         don         bend       samara        along        volga         ural 
        0.66         0.64         0.64         0.63         0.62         0.60 
      propos       analyt         come       critic       depart      drainag 
        0.57         0.57         0.57         0.57         0.57         0.57 
      endors         four        fulli      halford        ignor        johan 
        0.57         0.57         0.57         0.57         0.57         0.57 
     mackind      neither      obshchi          run         syrt        valid 
        0.57         0.57         0.57         0.57         0.57         0.57 
     voltair      convent    thcenturi  kuma–manych         line       rather 
        0.57         0.56         0.56         0.55         0.52         0.52 
strahlenberg       nearbi       irtysh         drew 
        0.52         0.51         0.51         0.51 

$list
numeric(0)

$geograph
         bbc   britannica        delin encyclopædia     factbook      whether 
        0.51         0.51         0.51         0.51         0.51         0.51 

$part
numeric(0)

$includ
   autonom   autonomi     canari     counti     devolv heligoland     matter        not 
      0.54       0.54       0.54       0.54       0.54       0.54       0.54       0.54 
   oversea     reason selfgovern        tax      uniqu 
      0.54       0.54       0.54       0.54       0.54 

$follow
numeric(0)

$franc
numeric(0)

$main
numeric(0)

$central
     adjac   albanian   ancestor   armenian     breton    cornish     gaelic    latvian 
      0.52       0.52       0.52       0.52       0.52       0.52       0.52       0.52 
lithuanian       manx      welsh 
      0.52       0.52       0.52 

$german
overlap indigen  romanc   latin 
   0.60    0.59    0.59    0.51 

$germani
     agreement          annex      anschluss         appeas        bohemia 
          0.62           0.62           0.62           0.62           0.62 
czechoslovakia        inhabit         munich         prefer      protector 
          0.62           0.62           0.62           0.62           0.62 
      reexpand        remaind      rhineland       saarland         slovak 
          0.62           0.62           0.62           0.62           0.62 
   sudetenland           sign 
          0.62           0.61 

$region
numeric(0)

$mani
   cours   amount deforest 
    0.58     0.57     0.51 

$this
numeric(0)

$year
            ago            date           final          appear           arriv 
           0.91            0.74            0.69            0.68            0.68 
      atapuerca       cromagnon          discov        earliest         erectus 
           0.68            0.68            0.68            0.68            0.68 
         fossil geissenklösterl       georgicus         hominin            homo 
           0.68            0.68            0.68            0.68            0.68 
       isturitz           mochi        neandert       neanderth      presentday 
           0.68            0.68            0.68            0.68            0.68 
          refug          riparo          sapien            site        supplant 
           0.68            0.68            0.68            0.68            0.68 
           back           rough          actual       afterward         arctica 
           0.63            0.53            0.52            0.52            0.52 
        billion           block        columbia          craton        determin 
           0.52            0.52            0.52            0.52            0.52 
     euramerica        gondwana      interchang        laurasia       laurentia 
           0.52            0.52            0.52            0.52            0.52 
         pangea         resplit         rodinia       sarmatian          shield 
           0.52            0.52            0.52            0.52            0.52 
    supercontin        tertiari             via    volgo–uralia           widen 
           0.52            0.52            0.52            0.52            0.52 
              ≈ 
           0.52 

$articl
numeric(0)

$kingdom
numeric(0)

$citi
 vatican    città   civita      del vaticana vaticano 
    0.64     0.63     0.63     0.63     0.63     0.63 

$second
    refuge   casualti       dday        die     expuls   fallback      front      kursk 
      0.64       0.60       0.60       0.60       0.60       0.60       0.60       0.60 
      lost    stagger stalingrad       tank      battl     offens      after    postwar 
      0.60       0.60       0.60       0.60       0.56       0.54       0.53       0.53 
  destruct       more       june 
      0.53       0.53       0.52 

$forest
          mix         conif          cork         dwell    monocultur         offer 
         0.91          0.90          0.90          0.90          0.90          0.90 
    percentag       plantat        poorer       quicker    rainforest        requir 
         0.90          0.90          0.90          0.90          0.90          0.90 
         slow      smallest      deforest           oak          tree         cover 
         0.90          0.90          0.84          0.80          0.80          0.75 
    broadleaf         natur         speci       percent       quarter          just 
         0.75          0.73          0.64          0.63          0.63          0.63 
       mixtur          less         plant          grow        origin       habitat 
         0.63          0.61          0.61          0.57          0.56          0.53 
      stretch        divers     disappear      structur        amount         taiga 
         0.51          0.51          0.51          0.51          0.51          0.51 
mediterranean 
         0.50 

$peopl
   displac  holocaust    postwar      total   casualti       dday        die     expuls 
      0.65       0.65       0.56       0.55       0.53       0.53       0.53       0.53 
  fallback      front      kursk       lost    stagger stalingrad       tank 
      0.53       0.53       0.53       0.53       0.53       0.53       0.53 

$nation
numeric(0)

> ##### sentiment analysis #####
> syuzhet_vector <- get_sentiment(text, method = "syuzhet")
> bing_vector <- get_sentiment(text, method = "bing")
> nrc_vector <- get_sentiment(text, method = "nrc")
> #compare analysis
> rbind(
+     sign(head(syuzhet_vector)),
+     sign(head(bing_vector)),
+     sign(head(nrc_vector))
+ )
     [,1] [,2] [,3] [,4] [,5] [,6]
[1,]    1    0    1    0    1    0
[2,]    0    0   -1    0    1    0
[3,]    1    0    1    0    1    0
> ##### emotion classification #####
> d <- get_nrc_sentiment(as.vector(dtm_d$word))
Warning message:
`spread_()` was deprecated in tidyr 1.2.0.
ℹ Please use `spread()` instead.
ℹ The deprecated feature was likely used in the syuzhet package.
  Please report the issue to the authors.
This warning is displayed once every 8 hours.
Call `lifecycle::last_lifecycle_warnings()` to see where this warning was generated. 
> head(d,10)
   anger anticipation disgust fear joy sadness surprise trust negative positive
1      0            0       0    0   0       0        0     0        0        0
2      0            0       0    0   0       0        0     0        0        0
3      0            0       0    0   0       0        0     0        0        0
4      0            0       0    0   0       0        0     0        0        0
5      0            0       0    0   0       0        0     0        0        0
6      0            0       0    0   0       0        0     0        0        0
7      0            0       0    1   0       0        0     0        1        0
8      0            0       0    0   0       0        0     0        0        0
9      0            0       0    0   0       0        0     0        0        0
10     0            0       0    0   0       0        0     0        0        0
> #transpose
> td <- data.frame(t(d))
> #sum frequency of emotions for first 56 words
> td_new <- data.frame(rowSums(td[1:56]))
> #clear result
> names(td_new)[1] <- "count"
> td_new <- cbind("sentiment" = rownames(td_new), td_new)
> rownames(td_new) <- NULL
> td_new2 <- td_new[1:8,]
> head(d,10)
   anger anticipation disgust fear joy sadness surprise trust negative positive
1      0            0       0    0   0       0        0     0        0        0
2      0            0       0    0   0       0        0     0        0        0
3      0            0       0    0   0       0        0     0        0        0
4      0            0       0    0   0       0        0     0        0        0
5      0            0       0    0   0       0        0     0        0        0
6      0            0       0    0   0       0        0     0        0        0
7      0            0       0    1   0       0        0     0        1        0
8      0            0       0    0   0       0        0     0        0        0
9      0            0       0    0   0       0        0     0        0        0
10     0            0       0    0   0       0        0     0        0        0
> #transpose
> 
> ##### emotion classification #####
> d <- get_nrc_sentiment(as.vector(dtm_d$word))
> head(d,10)
   anger anticipation disgust fear joy sadness surprise trust negative positive
1      0            0       0    0   0       0        0     0        0        0
2      0            0       0    0   0       0        0     0        0        0
3      0            0       0    0   0       0        0     0        0        0
4      0            0       0    0   0       0        0     0        0        0
5      0            0       0    0   0       0        0     0        0        0
6      0            0       0    0   0       0        0     0        0        0
7      0            0       0    1   0       0        0     0        1        0
8      0            0       0    0   0       0        0     0        0        0
9      0            0       0    0   0       0        0     0        0        0
10     0            0       0    0   0       0        0     0        0        0
> #transpose
> td <- data.frame(t(d))
> #sum frequency of emotions for first 56 words
> td_new <- data.frame(rowSums(td[1:56]))
> #clear result
> names(td_new)[1] <- "count"
> td_new <- cbind("sentiment" = rownames(td_new), td_new)
> rownames(td_new) <- NULL
> td_new2 <- td_new[1:8,]
> #plot - words tied to emotions
> quickplot(
+     sentiment,
+     data = td_new2,
+     weight = count,
+     geom = "bar",
+     fill = sentiment,
+     ylab = "count"
+ ) + ggtitle("Survey sentiments")
Warning message:
`qplot()` was deprecated in ggplot2 3.4.0.
This warning is displayed once every 8 hours.
Call `lifecycle::last_lifecycle_warnings()` to see where this warning was generated. 
> #plot - percent of each emotion
> barplot(
+     sort(colSums(prop.table(d[, 1:8]))),
+     horiz = TRUE,
+     cex.names = 0.7,
+     las = 1,
+     main = "Emotions in Text",
+     xlab = "Percentage"
+ )
> ##### emotion classification #####
> d <- get_nrc_sentiment(as.vector(dtm_d$word))
> head(d,10)
   anger anticipation disgust fear joy sadness surprise trust negative positive
1      0            0       0    0   0       0        0     0        0        0
2      0            0       0    0   0       0        0     0        0        0
3      0            0       0    0   0       0        0     0        0        0
4      0            0       0    0   0       0        0     0        0        0
5      0            0       0    0   0       0        0     0        0        0
6      0            0       0    0   0       0        0     0        0        0
7      0            0       0    1   0       0        0     0        1        0
8      0            0       0    0   0       0        0     0        0        0
9      0            0       0    0   0       0        0     0        0        0
10     0            0       0    0   0       0        0     0        0        0
> #transpose
> td <- data.frame(t(d))
> #sum frequency of emotions for first 56 words
> td_new <- data.frame(rowSums(td[1:56]))
> #clear result
> names(td_new)[1] <- "count"
> td_new <- cbind("sentiment" = rownames(td_new), td_new)
> rownames(td_new) <- NULL
> td_new2 <- td_new[1:8,]
> #plot - words tied to emotions
> quickplot(
+     sentiment,
+     data = td_new2,
+     weight = count,
+     geom = "bar",
+     fill = sentiment,
+     ylab = "count"
+ ) + ggtitle("Survey sentiments")
> #plot - percent of each emotion
> barplot(
+     sort(colSums(prop.table(d[, 1:8]))),
+     horiz = TRUE,
+     cex.names = 0.7,
+     las = 1,
+     main = "Emotions in Text",
+     xlab = "Percentage"
+ )